============================= test session starts =============================
platform win32 -- Python 3.13.9, pytest-9.0.2, pluggy-1.6.0 -- C:\Users\teon\AppData\Local\Microsoft\WindowsApps\PythonSoftwareFoundation.Python.3.13_qbz5n2kfra8p0\python.exe
cachedir: .pytest_cache
rootdir: F:\Git\FiveForFree
configfile: pytest.ini
plugins: anyio-4.12.0, asyncio-1.3.0, cov-7.0.0
asyncio: mode=Mode.AUTO, debug=False, asyncio_default_fixture_loop_scope=function, asyncio_default_test_loop_scope=function
collecting ... collected 15 items

tests/test_models_lightgbm.py::test_model_initialization PASSED          [  6%]
tests/test_models_lightgbm.py::test_parameter_setting PASSED             [ 13%]
tests/test_models_lightgbm.py::test_train_basic PASSED                   [ 20%]
tests/test_models_lightgbm.py::test_is_trained_state PASSED              [ 26%]
tests/test_models_lightgbm.py::test_train_with_validation PASSED         [ 33%]
tests/test_models_lightgbm.py::test_predict_proba PASSED                 [ 40%]
tests/test_models_lightgbm.py::test_predict_proba_range PASSED           [ 46%]
tests/test_models_lightgbm.py::test_predict_without_training PASSED      [ 53%]
tests/test_models_lightgbm.py::test_save_model PASSED                    [ 60%]
tests/test_models_lightgbm.py::test_load_model PASSED                    [ 66%]
tests/test_models_lightgbm.py::test_save_load_prediction_consistency SKIPPEDre fitted state) [ 73%]
tests/test_models_lightgbm.py::test_empty_data_training PASSED           [ 80%]
tests/test_models_lightgbm.py::test_nan_data_handling PASSED             [ 86%]
tests/test_models_lightgbm.py::test_large_data_training PASSED           [ 93%]
tests/test_models_lightgbm.py::test_feature_importance PASSED            [100%]

============================== warnings summary ===============================
config\settings.py:6
  F:\Git\FiveForFree\config\settings.py:6: PydanticDeprecatedSince20: Support for class-based `config` is deprecated, use ConfigDict instead. Deprecated in Pydantic V2.0 to be removed in V3.0. See Pydantic V2 Migration Guide at https://errors.pydantic.dev/2.12/migration/
    class Settings(BaseSettings):

tests/test_models_lightgbm.py::test_predict_proba
tests/test_models_lightgbm.py::test_predict_proba_range
tests/test_models_lightgbm.py::test_nan_data_handling
tests/test_models_lightgbm.py::test_large_data_training
  C:\Users\teon\AppData\Local\Packages\PythonSoftwareFoundation.Python.3.13_qbz5n2kfra8p0\LocalCache\local-packages\Python313\site-packages\sklearn\utils\validation.py:2691: UserWarning: X does not have valid feature names, but LGBMClassifier was fitted with feature names
    warnings.warn(

-- Docs: https://docs.pytest.org/en/stable/how-to/capture-warnings.html
================== 14 passed, 1 skipped, 5 warnings in 2.11s ==================
